---
source: src/elements/align_location_bottom.rs
expression: content.into_passes()
---
[
    Measure {
        width: WidthConstraint {
            max: 12.0,
            expand: true,
        },
        first_height: 25.0,
        full_height: None,
    },
    Draw(
        DrawPass {
            width: WidthConstraint {
                max: 12.0,
                expand: true,
            },
            first_height: 21.0,
            preferred_height: None,
            page: 0,
            layer: 0,
            pos: (
                11.0,
                19.0,
            ),
            breakable: None,
        },
    ),
]
