---
source: src/elements/expand_to_preferred_height.rs
expression: content.into_passes()
---
[
    Draw(
        DrawPass {
            width: WidthConstraint {
                max: 20.0,
                expand: true,
            },
            first_height: 21.0,
            preferred_height: Some(
                12.0,
            ),
            page: 0,
            layer: 0,
            pos: (
                11.0,
                121.0,
            ),
            breakable: Some(
                BreakableDraw {
                    full_height: 500.0,
                    preferred_height_break_count: 7,
                    breaks: [],
                },
            ),
        },
    ),
]
