---
source: src/elements/min_first_height.rs
expression: output
---
ElementTestOutput {
    size: ElementSize {
        width: Some(
            3.0,
        ),
        height: Some(
            10.0,
        ),
    },
    breakable: None,
}
