---
source: src/elements/expand_to_preferred_height.rs
expression: output
---
ElementTestOutput {
    size: ElementSize {
        width: Some(
            20.0,
        ),
        height: Some(
            12.0,
        ),
    },
    breakable: Some(
        ElementTestOutputBreakable {
            break_count: 7,
            extra_location_min_height: None,
            first_location_usage: WillUse,
        },
    ),
}
