---
source: src/elements/expand_to_preferred_height.rs
expression: bytes
extension: pdf
snapshot_kind: binary
---
