---
source: src/elements/repeat_bottom.rs
expression: write
extension: pdf
snapshot_type: binary
---
