---
source: src/elements/text.rs
expression: write
extension: pdf
snapshot_type: binary
---
