---
source: src/elements/center_in_preferred_height.rs
expression: output
---
ElementTestOutput {
    size: ElementSize {
        width: Some(
            12.0,
        ),
        height: Some(
            20.0,
        ),
    },
    breakable: None,
}
