---
source: src/elements/shrink_to_fit.rs
expression: bytes
extension: pdf
snapshot_kind: binary
---
