---
source: src/elements/pin_below.rs
expression: write
extension: pdf
snapshot_type: binary
---
