---
source: src/elements/align_preferred_height_bottom.rs
expression: output
---
ElementTestOutput {
    size: ElementSize {
        width: Some(
            12.0,
        ),
        height: Some(
            15.0,
        ),
    },
    breakable: Some(
        ElementTestOutputBreakable {
            break_count: 0,
            extra_location_min_height: Some(
                15.0,
            ),
            first_location_usage: WillUse,
        },
    ),
}
