---
source: src/elements/changing_title.rs
expression: bytes
extension: pdf
snapshot_kind: binary
---
