---
source: src/elements/repeat_bottom.rs
expression: bytes
extension: pdf
snapshot_kind: binary
---
