---
source: src/elements/pin_below.rs
expression: bytes
extension: pdf
snapshot_kind: binary
---
