---
source: src/elements/changing_title.rs
expression: write
extension: pdf
snapshot_type: binary
---
