---
source: src/elements/min_first_height.rs
expression: content.into_passes()
---
[
    Draw(
        DrawPass {
            width: WidthConstraint {
                max: 12.0,
                expand: false,
            },
            first_height: 12.0,
            preferred_height: None,
            page: 0,
            layer: 0,
            pos: (
                7.0,
                20.0,
            ),
            breakable: None,
        },
    ),
]
