---
source: src/elements/styled_box.rs
expression: write
extension: pdf
snapshot_type: binary
---
