---
source: src/elements/expand_to_preferred_height.rs
expression: write
extension: pdf
snapshot_type: binary
---
